<!doctype html>
<html lang="en">
<head>

  <meta charset="utf-8">
  <meta name="viewport" content="width=device-width, initial-scale=1">
  <title>Sample · test</title>
  <link rel="stylesheet" href="assets/style.css">
  <script src="assets/theme.js"></script>

</head>
<body>

  <header class="site-header">
    <a class="site-title" href="index.html">test</a>
    <div class="site-tools">
      <nav class="site-nav">
        <a href="index.html">Home</a>
        <a href="all.html">Index</a>
        <a href="types.html">Types</a>
        <a href="tags.html">Tags</a>
      </nav>
      <button class="theme-toggle" type="button" aria-label="Toggle light and dark theme" data-theme-toggle hidden><svg class="icon-sun" viewBox="0 0 24 24" width="15" height="15" aria-hidden="true" focusable="false"><circle cx="12" cy="12" r="4"></circle><path d="M12 2v2M12 20v2M4.9 4.9l1.4 1.4M17.7 17.7l1.4 1.4M2 12h2M20 12h2M4.9 19.1l1.4-1.4M17.7 6.3l1.4-1.4"></path></svg><svg class="icon-moon" viewBox="0 0 24 24" width="15" height="15" aria-hidden="true" focusable="false"><path d="M21 12.8A9 9 0 1 1 11.2 3a7 7 0 0 0 9.8 9.8z"></path></svg></button>
    </div>
    
  </header>

<main>
  <article class="page">
    <h1>Sample</h1>
    <p class="meta"><a href="types/note.html">note</a></p>
<p>The method <a href="attention.html">Attention Is All You Need</a> and <span class="stemma-unresolved">Nowhere</span> and the alias <a href="attention.html">Attention Is All You Need</a>.</p>

<p>See (<a href="sources/vaswani2017.html">Vaswani and Shazeer 2017</a>) and (missing2020) and a group (<a href="sources/vaswani2017.html">Vaswani and Shazeer 2017</a>; missing2020).</p>

<p>Inline <code>[[attention]]</code> and <code>[@vaswani2017]</code> stay code.</p>

<p><em><a href="attention.html">Attention Is All You Need</a></em> in emphasis.</p>

<pre><code>[[attention]]
[@vaswani2017]
</code></pre>

  </article>
  
  <section class="references">
    <h2>References</h2>
    <ul>
      <li>Vaswani, Ashish and Shazeer, Noam. 2017. Attention Is All You Need. NeurIPS.</li>
    </ul>
  </section>
  
  
  
  <section class="graph">
    <h2>Local graph</h2>
    <svg class="graph-svg" viewBox="0 0 640 120" role="group" aria-label="Local graph"><title>Local graph</title><line class="graph-edge" x1="406" y1="60" x2="456" y2="60"/><a class="graph-node" href="attention.html"><rect x="456" y="46" width="172" height="28" rx="5"/><text x="465" y="64">Attention Is All Yo...</text></a><g class="graph-node graph-self"><rect x="234" y="46" width="172" height="28" rx="5"/><text x="243" y="64">Sample</text></g></svg>
    <script type="application/json" class="graph-data">{"center":{"title":"Sample","url":"sample.html"},"backlinks":null,"links":[{"title":"Attention Is All You Need","url":"attention.html"}]}</script>
    <script src="assets/graph.js" defer></script>
  </section>
  
</main>

  <footer class="site-footer">
    <p>Built with stemma.</p>
  </footer>

</body>
</html>
